dwt_stm32_delay.h:25:22:delay_us	24	static
my9291_led_rbg.c:13:13:di_pulse	24	static
my9291_led_rbg.c:21:13:dcki_pulse	24	static
my9291_led_rbg.c:29:13:write	24	static
my9291_led_rbg.c:47:13:set_cmd	24	static
my9291_led_rbg.c:80:13:send	40	static
my9291_led_rbg.c:148:6:setColor	24	static
my9291_led_rbg.c:165:6:getState	4	static
my9291_led_rbg.c:170:6:setState	16	static
my9291_led_rbg.c:179:6:my9291_led_rbg_init	40	static
my9291_led_rbg.c:238:6:rainbow	88	static
my9291_led_rbg.c:253:6:test_rbg	8	static
